// Jest Snapshot v1, https://goo.gl/fbAQLP

exports[`FoodItems should render the items received 1`] = `
Object {
  "asFragment": [Function],
  "baseElement": <body>
    <div>
      <div>
        <div
          class="foodItems"
        >
          <div
            class="foodItem"
            data-testid="94298"
          >
            <img
              alt="some food Image"
              data-testid="foodItemImage"
              height="200"
              src="https://cdn.pixabay.com/photo/2021/10/10/18/04/food-6697924_1280.jpg"
              width="360"
            />
            <p
              data-testid="foodItemName"
              id="foodItemName"
            >
              3 Chicken Wings
            </p>
            <p
              data-testid="foodItemDescription"
              id="foodItemDescription"
            >
              Tender, Spicy and Juicy.
            </p>
          </div>
          <div
            class="foodItem"
            data-testid="94301"
          >
            <img
              alt="some food Image"
              data-testid="foodItemImage"
              height="200"
              src="https://cdn.pixabay.com/photo/2021/10/10/18/03/food-6697917_1280.jpg"
              width="360"
            />
            <p
              data-testid="foodItemName"
              id="foodItemName"
            >
              Chicken Livers and Portuguese Roll
            </p>
            <p
              data-testid="foodItemDescription"
              id="foodItemDescription"
            >
              Chicken Livers Topped with PERi-PERi Sauce
            </p>
          </div>
        </div>
      </div>
    </div>
  </body>,
  "container": <div>
    <div>
      <div
        class="foodItems"
      >
        <div
          class="foodItem"
          data-testid="94298"
        >
          <img
            alt="some food Image"
            data-testid="foodItemImage"
            height="200"
            src="https://cdn.pixabay.com/photo/2021/10/10/18/04/food-6697924_1280.jpg"
            width="360"
          />
          <p
            data-testid="foodItemName"
            id="foodItemName"
          >
            3 Chicken Wings
          </p>
          <p
            data-testid="foodItemDescription"
            id="foodItemDescription"
          >
            Tender, Spicy and Juicy.
          </p>
        </div>
        <div
          class="foodItem"
          data-testid="94301"
        >
          <img
            alt="some food Image"
            data-testid="foodItemImage"
            height="200"
            src="https://cdn.pixabay.com/photo/2021/10/10/18/03/food-6697917_1280.jpg"
            width="360"
          />
          <p
            data-testid="foodItemName"
            id="foodItemName"
          >
            Chicken Livers and Portuguese Roll
          </p>
          <p
            data-testid="foodItemDescription"
            id="foodItemDescription"
          >
            Chicken Livers Topped with PERi-PERi Sauce
          </p>
        </div>
      </div>
    </div>
  </div>,
  "debug": [Function],
  "findAllByAltText": [Function],
  "findAllByDisplayValue": [Function],
  "findAllByLabelText": [Function],
  "findAllByPlaceholderText": [Function],
  "findAllByRole": [Function],
  "findAllByTestId": [Function],
  "findAllByText": [Function],
  "findAllByTitle": [Function],
  "findByAltText": [Function],
  "findByDisplayValue": [Function],
  "findByLabelText": [Function],
  "findByPlaceholderText": [Function],
  "findByRole": [Function],
  "findByTestId": [Function],
  "findByText": [Function],
  "findByTitle": [Function],
  "getAllByAltText": [Function],
  "getAllByDisplayValue": [Function],
  "getAllByLabelText": [Function],
  "getAllByPlaceholderText": [Function],
  "getAllByRole": [Function],
  "getAllByTestId": [Function],
  "getAllByText": [Function],
  "getAllByTitle": [Function],
  "getByAltText": [Function],
  "getByDisplayValue": [Function],
  "getByLabelText": [Function],
  "getByPlaceholderText": [Function],
  "getByRole": [Function],
  "getByTestId": [Function],
  "getByText": [Function],
  "getByTitle": [Function],
  "queryAllByAltText": [Function],
  "queryAllByDisplayValue": [Function],
  "queryAllByLabelText": [Function],
  "queryAllByPlaceholderText": [Function],
  "queryAllByRole": [Function],
  "queryAllByTestId": [Function],
  "queryAllByText": [Function],
  "queryAllByTitle": [Function],
  "queryByAltText": [Function],
  "queryByDisplayValue": [Function],
  "queryByLabelText": [Function],
  "queryByPlaceholderText": [Function],
  "queryByRole": [Function],
  "queryByTestId": [Function],
  "queryByText": [Function],
  "queryByTitle": [Function],
  "rerender": [Function],
  "unmount": [Function],
}
`;
